---
source: src/tui/render.rs
expression: text
---
‹text.secondary +bold›✦ mysteries‹/›‹text.muted›  agent · v1.3.1‹/›

‹border.strong›────────────────────────────────────────────────────────────────────────────────‹/›
‹accent.primary›> ‹/›‹text.primary›第一行用户消息‹/›
‹text.primary›  第二行用户消息仍然完整显示‹/›

‹success.fg›✓‹/›‹text.muted› ‹/›‹accent.primary +bold›read_file‹/›‹text.muted› path=note.txt‹/›‹text.secondary›  只读 · 自动运行 · 2 行 ⌄‹/›‹text.muted› · ctrl+o 展开‹/›

‹info.fg›◆ ‹/›‹text.body›第一行最终回答‹/›
‹text.body›  第二行最终回答仍然完整显示‹/›








‹text.muted›◇ 就绪‹/›
‹border.subtle›┌──────────────────────────────────────────────────────────────────────────────┐‹/›
‹border.subtle›│‹/›‹accent.primary›> ‹/›‹text.primary›                                                     ‹/›‹text.muted›输入任务,或 / 执行命令…‹/›‹border.subtle›│‹/›
‹border.subtle›└──────────────────────────────────────────────────────────────────────────────┘‹/›
‹text.muted›mock · mock-model · iter 0/4 · 2 msgs · .‹/›
‹text.muted›▸ normal · shift+tab 切换 · think low‹/›
