---
source: src/tui/render.rs
expression: text
---
idle: ‹text.secondary›status: ‹/›‹text.muted›◇ 就绪                         mock · mock-model · iter 0/4 · 0 msgs · .‹/›
calling: ‹text.secondary›status: ‹/›‹accent.primary›⠸ 调用模型…‹/›‹text.muted›                    mock · mock-model · iter 0/4 · 0 msgs · .‹/›
executing: ‹text.secondary›status: ‹/›‹accent.primary›⠸ 执行 write_file…‹/›‹text.muted›             mock · mock-model · iter 0/4 · 0 msgs · .‹/›
waiting: ‹text.secondary›status: ‹/›‹warning.fg›▲ 等待授权…‹/›‹text.muted›                    mock · mock-model · iter 0/4 · 0 msgs · .‹/›
