---
source: src/tui/render.rs
expression: output
---
✦ mysteries  agent · v1.0

──────────────────────────────────────────
◆ transcript remains visible











◇ 就绪
┌────────────────────────────────────────┐
│> 普通 multi                            │
│  abcdefghijklmnopqrstuvwxyz0123456789AB│
│  CDEFGHIJ                              │
│  final 行                              │
└────────────────────────────────────────┘
mock · mock-model · iter 0/4 · 1 msgs · .
▸ normal · shift+tab 切换
