---
source: src/tui/render.rs
expression: text
---
‹text.secondary +bold›✦ mysteries‹/›‹text.muted›  agent · v1.0‹/›

‹border.strong›────────────────────────────────────────────────────────────────────────────────‹/›
‹accent.primary›> ‹/›‹text.title›在 Config 里加一个 timeout_secs 字段,默认 30 秒‹/›

‹info.fg›◆ ‹/›‹text.body›好的。我先读一下 src/config/schema.rs 里 Config 的结构。‹/›

‹border.subtle›┌─ ‹/›‹success.fg›✓‹/›‹text.muted› ‹/›‹accent.primary +bold›read_file‹/›‹text.muted› path=schema.rs‹/›‹text.secondary›  只读 · 自动运行 · 4 行 ⌄‹/›

‹info.fg›◆ ‹/›‹text.body›结构清楚了。我在 Config 上加 timeout_secs: u64,并在 Default 里给默认值 30。‹/›

‹warning.fg bg=warning.bg›┌──────────────────────────────────────────────────────────────────────────────┐‹/›
‹warning.fg bg=warning.bg›│‹/›‹warning.fg bg=warning.bg +bold›▲ 需要授权‹/›‹text.title bg=warning.bg›                                                                    ‹/›‹warning.fg bg=warning.bg›│‹/›
‹warning.fg bg=warning.bg›│‹/›‹text.secondary bg=warning.bg›tool: ‹/›‹accent.primary bg=warning.bg›edit_file‹/›‹text.title bg=warning.bg›                                                               ‹/›‹warning.fg bg=warning.bg›│‹/›
‹warning.fg bg=warning.bg›│‹/›‹text.secondary bg=warning.bg›args: ‹/›‹text.body bg=warning.bg›path=src/config/mod.rs‹/›‹text.title bg=warning.bg›                                                  ‹/›‹warning.fg bg=warning.bg›│‹/›
‹warning.fg bg=warning.bg›│‹/›‹error.fg bg=warning.bg›−     pub max_iterations: u32,‹/›‹text.title bg=warning.bg›                                                ‹/›‹warning.fg bg=warning.bg›│‹/›
‹warning.fg bg=warning.bg›│‹/›‹success.fg bg=warning.bg›+     pub timeout_secs: u64,‹/›‹text.title bg=warning.bg›                                                  ‹/›‹warning.fg bg=warning.bg›│‹/›
‹warning.fg bg=warning.bg›│[y · 允许]‹/›‹text.body bg=warning.bg›   ‹/›‹error.fg bg=warning.bg›[n · 拒绝]‹/›‹text.title bg=warning.bg›                                                       ‹/›‹warning.fg bg=warning.bg›│‹/›
‹warning.fg bg=warning.bg›│‹/›‹text.secondary bg=warning.bg›提示:Enter = 允许 · Esc = 拒绝‹/›‹text.title bg=warning.bg›                                                ‹/›‹warning.fg bg=warning.bg›│‹/›
‹warning.fg bg=warning.bg›└──────────────────────────────────────────────────────────────────────────────┘‹/›
‹text.secondary›status: ‹/›‹warning.fg›▲ 等待授权…‹/›‹text.muted›                    mock · mock-model · iter 0/4 · 3 msgs · .‹/›
‹border.subtle›┌──────────────────────────────────────────────────────────────────────────────┐‹/›
‹border.subtle›│‹/›‹accent.primary›mysteries ▸ ‹/›‹text.muted›输入任务,或 / 执行命令…‹/›‹text.title›                                           ‹/›‹border.subtle›│‹/›
‹border.subtle›└──────────────────────────────────────────────────────────────────────────────┘‹/›
