---
source: src/tui/render.rs
expression: text
---
‹text.secondary +bold›✦ mysteries‹/›‹text.muted›  agent · v1.0‹/›

‹border.strong›────────────────────────────────────────────────────────────────────────────────‹/›
‹border.subtle›┌─ ‹/›‹accent.primary›◇‹/›‹text.muted› ‹/›‹accent.primary +bold›read_file‹/›‹text.muted› {"path":"note.txt"}‹/›‹text.secondary›  只读 · 自动运行‹/›
‹border.subtle›│ ‹/›‹text.secondary›output: ‹/›‹text.body›运行中…‹/›
‹border.subtle›└──────────────────────────────────────────────────────────────────────────────‹/›














‹text.secondary›status: ‹/›‹text.muted›◇ 就绪‹/›
‹border.subtle›┌──────────────────────────────────────────────────────────────────────────────┐‹/›
‹border.subtle›│‹/›‹accent.primary›mysteries ▸ ‹/›‹text.muted›输入任务,或 / 执行命令…‹/›‹text.primary›                                           ‹/›‹border.subtle›│‹/›
‹border.subtle›└──────────────────────────────────────────────────────────────────────────────┘‹/›
