---
source: src/tui/render.rs
expression: text
---
✦ mysteries  agent · v1.0

────────────────────────────────────────────────────────────────────────────────
┌─ ✗ run_shell {"path":"note.txt"}
│ output: command failed: permission denied
│ ⋯ 输出已截断(超出 max_output_bytes)
└──────────────────────────────────────────────────────────────────────────────













status: ◇ 就绪
┌──────────────────────────────────────────────────────────────────────────────┐
│mysteries ▸ 输入任务,或 / 执行命令…                                           │
└──────────────────────────────────────────────────────────────────────────────┘
