---
source: src/tui/render.rs
expression: text
---
✦ mysteries  agent · v1.0

────────────────────────────────────────────────────────────────────────────────
┌─ ◇ read_file {"path":"note.txt"}  只读 · 自动运行
│ output: 运行中…
└──────────────────────────────────────────────────────────────────────────────














status: ◇ 就绪
┌──────────────────────────────────────────────────────────────────────────────┐
│mysteries ▸ 输入任务,或 / 执行命令…                                           │
└──────────────────────────────────────────────────────────────────────────────┘
