---
source: src/tui/render.rs
expression: text
---
‹text.secondary +bold›✦ mysteries‹/›‹text.muted›  agent · v1.0‹/›

‹border.strong›────────────────────────────────────────────────────────────────────────────────‹/›
‹accent.primary›⠸‹/›‹text.muted› ‹/›‹accent.primary +bold›read_file‹/›‹text.muted› path=note.txt‹/›‹text.secondary›  只读 · 自动运行 · 运行中…‹/›‹text.muted› · ctrl+o 展开‹/›
















‹border.subtle›┌──────────────────────────────────────────────────────────────────────────────┐‹/›
‹border.subtle›│‹/›‹accent.primary›mysteries ▸ ‹/›‹text.muted›输入任务,或 / 执行命令…‹/›‹text.primary›                                           ‹/›‹border.subtle›│‹/›
‹border.subtle›└──────────────────────────────────────────────────────────────────────────────┘‹/›
‹text.secondary›status: ‹/›‹text.muted›◇ 就绪                         mock · mock-model · iter 0/4 · 0 msgs · .‹/›
