---
source: src/tui/render.rs
expression: text
---
‹text.secondary +bold›✦ mysteries‹/›‹text.muted›  agent · v1.0‹/›

‹border.strong›────────────────────────────────────────────────────────────────────────────────‹/›
‹error.fg›✗‹/›‹text.muted› ‹/›‹accent.primary +bold›run_shell‹/›‹text.muted› command=exit 7‹/›‹error.fg› · exit 7‹/›‹text.muted› · ctrl+o 展开‹/›















‹text.muted›◇ 就绪‹/›
‹border.subtle›┌──────────────────────────────────────────────────────────────────────────────┐‹/›
‹border.subtle›│‹/›‹accent.primary›mysteries ▸ ‹/›‹text.muted›输入任务,或 / 执行命令…‹/›‹text.primary›                                           ‹/›‹border.subtle›│‹/›
‹border.subtle›└──────────────────────────────────────────────────────────────────────────────┘‹/›
‹text.muted›mock · mock-model · iter 0/4 · 0 msgs · .‹/›
