---
source: src/tui/render.rs
expression: text
---
‹text.secondary +bold›✦ mysteries‹/›‹text.muted›  agent · v1.0‹/›

‹border.strong›────────────────────────────────────────────────────────────────────────────────‹/›
‹border.subtle›┌─ ‹/›‹info.fg +bold›帮助‹/›‹border.subtle› ────────────────────────────────────────────────────────────────────────‹/›
‹border.subtle›│ ‹/›‹accent.primary +bold›/help         ‹/›‹text.body›查看内置命令               ‹/›‹accent.primary +bold›/clear        ‹/›‹text.body›清空当前 transcript‹/›
‹border.subtle›│ ‹/›‹accent.primary +bold›/model        ‹/›‹text.body›查看当前 model           ‹/›‹accent.primary +bold›/model <name> ‹/›‹text.body›切换后续请求 model‹/›
‹border.subtle›│ ‹/›‹accent.primary +bold›/status       ‹/›‹text.body›当前会话快照               ‹/›‹accent.primary +bold›/exit         ‹/›‹text.body›退出 TUI‹/›
‹border.subtle›└───────────────────────────────────────────────────────────────────────────────‹/›











‹text.muted›◇ 就绪‹/›
‹border.subtle›┌──────────────────────────────────────────────────────────────────────────────┐‹/›
‹border.subtle›│‹/›‹accent.primary›mysteries ▸ ‹/›‹text.muted›输入任务,或 / 执行命令…‹/›‹text.primary›                                           ‹/›‹border.subtle›│‹/›
‹border.subtle›└──────────────────────────────────────────────────────────────────────────────┘‹/›
‹text.muted›anthropic · claude-test · iter 0/8 · 0 msgs · workspace‹/›
