---
source: src/tui/render.rs
expression: text
---
idle: ‹text.muted›◇ 就绪‹/› | meta: ‹text.muted›mock · mock-model · iter 0/4 · 0 msgs · .‹/›
calling: ‹accent.primary›⠸ 调用模型…‹/›‹text.muted› · esc 中断‹/› | meta: ‹text.muted›mock · mock-model · iter 0/4 · 0 msgs · .‹/›
executing: ‹accent.primary›⠸ 执行 write_file…‹/›‹text.muted› · esc 中断‹/› | meta: ‹text.muted›mock · mock-model · iter 0/4 · 0 msgs · .‹/›
waiting: ‹warning.fg›▲ 等待授权…‹/› | meta: ‹text.muted›mock · mock-model · iter 0/4 · 0 msgs · .‹/›
