---
source: src/tui/render.rs
expression: text
---
‹text.secondary +bold›✦ mysteries‹/›‹text.muted›  agent · v1.0‹/›

‹border.strong›────────────────────────────────────────────────────────────────────────────────‹/›
‹border.subtle›┌─ ‹/›‹error.fg›✗‹/›‹text.muted› ‹/›‹accent.primary +bold›run_shell‹/›‹text.muted› {"path":"note.txt"}‹/›
‹border.subtle›│ ‹/›‹text.secondary›output: ‹/›‹text.body›command failed: permission denied‹/›
‹border.subtle›│ ‹/›‹warning.fg›⋯ 输出已截断(超出 max_output_bytes)‹/›
‹border.subtle›└──────────────────────────────────────────────────────────────────────────────‹/›













‹text.secondary›status: ‹/›‹text.muted›◇ 就绪‹/›
‹border.subtle›┌──────────────────────────────────────────────────────────────────────────────┐‹/›
‹border.subtle›│‹/›‹accent.primary›mysteries ▸ ‹/›‹text.muted›输入任务,或 / 执行命令…‹/›‹text.primary›                                           ‹/›‹border.subtle›│‹/›
‹border.subtle›└──────────────────────────────────────────────────────────────────────────────┘‹/›
