---
source: src/tui/render.rs
expression: text
---
‹text.secondary +bold›✦ mysteries‹/›‹text.muted›  agent · v1.0‹/›

‹border.strong›────────────────────────────────────────────────────────────────────────────────‹/›
‹success.fg›✓‹/›‹text.muted› ‹/›‹accent.primary +bold›write_file‹/›‹text.muted› path=note.txt‹/›‹text.secondary› · 3 行 ⌄‹/›‹text.muted› · ctrl+o 展开‹/›














‹text.muted›◇ 就绪‹/›
‹border.subtle›┌──────────────────────────────────────────────────────────────────────────────┐‹/›
‹border.subtle›│‹/›‹accent.primary›> ‹/›‹text.primary›                                                     ‹/›‹text.muted›输入任务,或 / 执行命令…‹/›‹border.subtle›│‹/›
‹border.subtle›└──────────────────────────────────────────────────────────────────────────────┘‹/›
‹text.muted›mock · mock-model · iter 0/4 · 0 msgs · .‹/›
‹text.muted›▸ normal · shift+tab 切换‹/›
