---
source: src/tui/render.rs
expression: text
---
‹text.secondary +bold›✦ mysteries‹/›‹text.muted›  agent · v1.2.0‹/›

‹border.strong›────────────────────────────────────────────────────────────────────────────────‹/›


‹text.title›                                  ‹/›‹text.title +bold›✦ MYSTERIES‹/›
‹text.title›                         ‹/›‹accent.primary›AGENT · v1.2.0 · 终端编码助手‹/›
‹text.title›        ‹/›‹text.body›读只读,写必询 —— 每一次文件改动与命令执行,都先把 diff 摊给你,等‹/›
‹text.title›                               ‹/›‹text.body›你按下 y 才动手。‹/›

‹text.title›                                     ‹/›‹text.muted›试试 ↓‹/›
‹text.title›                   ‹/›‹accent.primary›〔任务〕‹/›‹text.title› 给 Config 加 timeout_secs 字段‹/›
‹text.title›                   ‹/›‹accent.primary›〔/help〕‹/›‹text.title› 查看内置命令‹/›
‹text.title›                   ‹/›‹accent.primary›〔/status〕‹/›‹text.title› 当前会话快照‹/›
‹text.title›                   ‹/›‹accent.primary›〔错误〕‹/›‹text.title› 演示:鉴权失败(致命错误,终止 Loop)‹/›



‹text.muted›◇ 就绪‹/›
‹border.subtle›┌──────────────────────────────────────────────────────────────────────────────┐‹/›
‹border.subtle›│‹/›‹accent.primary›> ‹/›‹text.title›                                                     ‹/›‹text.muted›输入任务,或 / 执行命令…‹/›‹border.subtle›│‹/›
‹border.subtle›└──────────────────────────────────────────────────────────────────────────────┘‹/›
‹text.muted›mock · mock-model · iter 0/4 · 0 msgs · .‹/›
‹text.muted›▸ normal · shift+tab 切换 · think low‹/›
